LCD_HD44780.c:48:20:LCD_SetDataPort	16	static
LCD_HD44780.c:115:23:LCD_GetDataPort	16	static
LCD_HD44780.c:140:13:LCD_DataOut	32	static
LCD_HD44780.c:159:13:LCD_DataIn	32	static
LCD_HD44780.c:178:9:LCD_ReadByte	16	static
LCD_HD44780.c:203:9:LCD_CheckBusyFlag	8	static
LCD_HD44780.c:213:6:LCD_WriteByte	16	static
LCD_HD44780.c:241:6:LCD_WriteCmd	16	static
LCD_HD44780.c:253:6:LCD_WriteData	16	static
LCD_HD44780.c:268:6:LCD_Char	16	static
LCD_HD44780.c:276:6:LCD_String	24	static
LCD_HD44780.c:286:6:LCD_Int	48	static
LCD_HD44780.c:296:6:LCD_Hex	40	static
LCD_HD44780.c:309:6:LCD_DefChar	24	static
LCD_HD44780.c:323:6:LCD_Home	8	static
LCD_HD44780.c:331:6:LCD_Cursor	16	static
LCD_HD44780.c:342:6:LCD_Blink	16	static
LCD_HD44780.c:353:6:LCD_Locate	16	static
LCD_HD44780.c:383:6:LCD_Cls	8	static
LCD_HD44780.c:391:6:LCD_Init	8	static
LCD_HD44780.c:428:6:sendDataToDisp	24	static
LCD_HD44780.c:463:6:formDisp_TimeView	32	static
LCD_HD44780.c:472:6:formDisp_MoistureView	16	static
LCD_HD44780.c:480:6:formDisp_USART_RecieveDataView	16	static
LCD_HD44780.c:488:6:formDisp_WateringProcess	16	static
LCD_HD44780.c:499:6:updateDispData	24	static
LCD_HD44780.c:520:6:cleanLines	16	static
LCD_HD44780.c:524:6:changeDispState	16	static
LCD_HD44780.c:528:6:dispInit	16	static
